Archive member included to satisfy reference by file (symbol)

../lib\libdynamixel.a(dynamixel.o)
                              ArmActionManager.o (dxl_get_result)
../lib\libdynamixel.a(dxl_hal.o)
                              ../lib\libdynamixel.a(dynamixel.o) (dxl_hal_open)
../lib\libserial.a(serial.o)  SerialManager.o (serial_get_qstate)
c:/program files (x86)/atmel/studio/7.0/toolchain/avr8/avr8-gnu-toolchain/bin/../lib/gcc/avr/5.4.0/avr6\libgcc.a(_mulsi3.o)
                              MovingDistance.o (__mulsi3)
c:/program files (x86)/atmel/studio/7.0/toolchain/avr8/avr8-gnu-toolchain/bin/../lib/gcc/avr/5.4.0/avr6\libgcc.a(_divmodhi4.o)
                              MotorManager.o (__divmodhi4)
c:/program files (x86)/atmel/studio/7.0/toolchain/avr8/avr8-gnu-toolchain/bin/../lib/gcc/avr/5.4.0/avr6\libgcc.a(_udivmodsi4.o)
                              MovingDistance.o (__udivmodsi4)
c:/program files (x86)/atmel/studio/7.0/toolchain/avr8/avr8-gnu-toolchain/bin/../lib/gcc/avr/5.4.0/avr6\libgcc.a(_divmodsi4.o)
                              MovingDistance.o (__divmodsi4)
c:/program files (x86)/atmel/studio/7.0/toolchain/avr8/avr8-gnu-toolchain/bin/../lib/gcc/avr/5.4.0/avr6\libgcc.a(_negsi2.o)
                              c:/program files (x86)/atmel/studio/7.0/toolchain/avr8/avr8-gnu-toolchain/bin/../lib/gcc/avr/5.4.0/avr6\libgcc.a(_divmodsi4.o) (__negsi2)
c:/program files (x86)/atmel/studio/7.0/toolchain/avr8/avr8-gnu-toolchain/bin/../lib/gcc/avr/5.4.0/avr6\libgcc.a(_exit.o)
                              C:/Program Files (x86)/Atmel/Studio/7.0/Packs/atmel/ATmega_DFP/1.2.132/gcc/dev/atmega2561/avr6/crtatmega2561.o (exit)
c:/program files (x86)/atmel/studio/7.0/toolchain/avr8/avr8-gnu-toolchain/bin/../lib/gcc/avr/5.4.0/avr6\libgcc.a(_tablejump2.o)
                              MotorManager.o (__tablejump2__)
c:/program files (x86)/atmel/studio/7.0/toolchain/avr8/avr8-gnu-toolchain/bin/../lib/gcc/avr/5.4.0/avr6\libgcc.a(_copy_data.o)
                              ArmActionManager.o (__do_copy_data)
c:/program files (x86)/atmel/studio/7.0/toolchain/avr8/avr8-gnu-toolchain/bin/../lib/gcc/avr/5.4.0/avr6\libgcc.a(_clear_bss.o)
                              ArmActionManager.o (__do_clear_bss)
c:/program files (x86)/atmel/studio/7.0/toolchain/avr8/avr8-gnu-toolchain/bin/../lib/gcc/avr/5.4.0/avr6\libgcc.a(_muluhisi3.o)
                              c:/program files (x86)/atmel/studio/7.0/toolchain/avr8/avr8-gnu-toolchain/bin/../lib/gcc/avr/5.4.0/avr6\libgcc.a(_mulsi3.o) (__muluhisi3)
c:/program files (x86)/atmel/studio/7.0/toolchain/avr8/avr8-gnu-toolchain/bin/../lib/gcc/avr/5.4.0/avr6\libgcc.a(_mulshisi3.o)
                              MovingDistance.o (__mulshisi3)
c:/program files (x86)/atmel/studio/7.0/toolchain/avr8/avr8-gnu-toolchain/bin/../lib/gcc/avr/5.4.0/avr6\libgcc.a(_udivmodhi4.o)
                              c:/program files (x86)/atmel/studio/7.0/toolchain/avr8/avr8-gnu-toolchain/bin/../lib/gcc/avr/5.4.0/avr6\libgcc.a(_divmodhi4.o) (__udivmodhi4)
c:/program files (x86)/atmel/studio/7.0/toolchain/avr8/avr8-gnu-toolchain/bin/../lib/gcc/avr/5.4.0/avr6\libgcc.a(_umulhisi3.o)
                              c:/program files (x86)/atmel/studio/7.0/toolchain/avr8/avr8-gnu-toolchain/bin/../lib/gcc/avr/5.4.0/avr6\libgcc.a(_muluhisi3.o) (__umulhisi3)
c:/program files (x86)/atmel/studio/7.0/toolchain/avr8/avr8-gnu-toolchain/bin/../lib/gcc/avr/5.4.0/../../../../avr/lib/avr6\libm.a(addsf3.o)
                              MovingDistance.o (__addsf3)
c:/program files (x86)/atmel/studio/7.0/toolchain/avr8/avr8-gnu-toolchain/bin/../lib/gcc/avr/5.4.0/../../../../avr/lib/avr6\libm.a(addsf3x.o)
                              c:/program files (x86)/atmel/studio/7.0/toolchain/avr8/avr8-gnu-toolchain/bin/../lib/gcc/avr/5.4.0/../../../../avr/lib/avr6\libm.a(addsf3.o) (__addsf3x)
c:/program files (x86)/atmel/studio/7.0/toolchain/avr8/avr8-gnu-toolchain/bin/../lib/gcc/avr/5.4.0/../../../../avr/lib/avr6\libm.a(cmpsf2.o)
                              ../lib\libdynamixel.a(dxl_hal.o) (__ltsf2)
c:/program files (x86)/atmel/studio/7.0/toolchain/avr8/avr8-gnu-toolchain/bin/../lib/gcc/avr/5.4.0/../../../../avr/lib/avr6\libm.a(divsf3.o)
                              PID.o (__divsf3)
c:/program files (x86)/atmel/studio/7.0/toolchain/avr8/avr8-gnu-toolchain/bin/../lib/gcc/avr/5.4.0/../../../../avr/lib/avr6\libm.a(divsf3x.o)
                              c:/program files (x86)/atmel/studio/7.0/toolchain/avr8/avr8-gnu-toolchain/bin/../lib/gcc/avr/5.4.0/../../../../avr/lib/avr6\libm.a(divsf3.o) (__divsf3x)
c:/program files (x86)/atmel/studio/7.0/toolchain/avr8/avr8-gnu-toolchain/bin/../lib/gcc/avr/5.4.0/../../../../avr/lib/avr6\libm.a(fixsfsi.o)
                              MotorManager.o (__fixsfsi)
c:/program files (x86)/atmel/studio/7.0/toolchain/avr8/avr8-gnu-toolchain/bin/../lib/gcc/avr/5.4.0/../../../../avr/lib/avr6\libm.a(fixunssfsi.o)
                              ../lib\libdynamixel.a(dxl_hal.o) (__fixunssfsi)
[...]
Memory Configuration

Name             Origin             Length             Attributes
text             0x00000000         0x00100000         xr
data             0x00800200         0x0000fe00         rw !x
eeprom           0x00810000         0x00010000         rw !x
fuse             0x00820000         0x00000003         rw !x
lock             0x00830000         0x00000400         rw !x
signature        0x00840000         0x00000400         rw !x
user_signatures  0x00850000         0x00000400         rw !x
*default*        0x00000000         0xffffffff

Linker script and memory map

Address of section .data set to 0x800200
LOAD C:/Program Files (x86)/Atmel/Studio/7.0/Packs/atmel/ATmega_DFP/1.2.132/gcc/dev/atmega2561/avr6/crtatmega2561.o
LOAD ArmActionManager.o
LOAD AvrTimer.o
LOAD MotorManager.o
LOAD MovingDistance.o
LOAD PID.o
LOAD SensorManager.o
LOAD SerialManager.o
LOAD GccApplication1.o
LOAD TracePatternManager.o
LOAD TraceManager.o
LOAD TurnManager.o
START GROUP
LOAD ../lib\libdynamixel.a
LOAD ../lib\libserial.a
LOAD ../lib\libzigbee.a
END GROUP
START GROUP
LOAD c:/program files (x86)/atmel/studio/7.0/toolchain/avr8/avr8-gnu-toolchain/bin/../lib/gcc/avr/5.4.0/avr6\libgcc.a
LOAD c:/program files (x86)/atmel/studio/7.0/toolchain/avr8/avr8-gnu-toolchain/bin/../lib/gcc/avr/5.4.0/../../../../avr/lib/avr6\libm.a
LOAD c:/program files (x86)/atmel/studio/7.0/toolchain/avr8/avr8-gnu-toolchain/bin/../lib/gcc/avr/5.4.0/../../../../avr/lib/avr6\libc.a
LOAD C:/Program Files (x86)/Atmel/Studio/7.0/Packs/atmel/ATmega_DFP/1.2.132/gcc/dev/atmega2561/avr6\libatmega2561.a
END GROUP
                0x00100000                __TEXT_REGION_LENGTH__ = DEFINED (__TEXT_REGION_LENGTH__)?__TEXT_REGION_LENGTH__:0x100000
                0x0000fe00                __DATA_REGION_LENGTH__ = DEFINED (__DATA_REGION_LENGTH__)?__DATA_REGION_LENGTH__:0xfe00
                0x00010000                __EEPROM_REGION_LENGTH__ = DEFINED (__EEPROM_REGION_LENGTH__)?__EEPROM_REGION_LENGTH__:0x10000
                [0x00000003]                __FUSE_REGION_LENGTH__ = DEFINED (__FUSE_REGION_LENGTH__)?__FUSE_REGION_LENGTH__:0x400
                0x00000400                __LOCK_REGION_LENGTH__ = DEFINED (__LOCK_REGION_LENGTH__)?__LOCK_REGION_LENGTH__:0x400
                0x00000400                __SIGNATURE_REGION_LENGTH__ = DEFINED (__SIGNATURE_REGION_LENGTH__)?__SIGNATURE_REGION_LENGTH__:0x400
                0x00000400                __USER_SIGNATURE_REGION_LENGTH__ = DEFINED (__USER_SIGNATURE_REGION_LENGTH__)?__USER_SIGNATURE_REGION_LENGTH__:0x400

.hash
 *(.hash)

.dynsym
 *(.dynsym)

.dynstr
 *(.dynstr)

.gnu.version
 *(.gnu.version)

.gnu.version_d
 *(.gnu.version_d)

.gnu.version_r
 *(.gnu.version_r)

.rel.init
 *(.rel.init)

.rela.init
 *(.rela.init)

.rel.text
 *(.rel.text)
 *(.rel.text.*)
 *(.rel.gnu.linkonce.t*)

.rela.text
 *(.rela.text)
 *(.rela.text.*)
 *(.rela.gnu.linkonce.t*)

.rel.fini
 *(.rel.fini)

.rela.fini
 *(.rela.fini)

.rel.rodata
 *(.rel.rodata)
 *(.rel.rodata.*)
 *(.rel.gnu.linkonce.r*)

.rela.rodata
 *(.rela.rodata)
 *(.rela.rodata.*)
 *(.rela.gnu.linkonce.r*)

.rel.data
 *(.rel.data)
 *(.rel.data.*)
 *(.rel.gnu.linkonce.d*)

.rela.data
 *(.rela.data)
 *(.rela.data.*)
 *(.rela.gnu.linkonce.d*)

.rel.ctors
 *(.rel.ctors)

.rela.ctors
 *(.rela.ctors)

.rel.dtors
 *(.rel.dtors)

.rela.dtors
 *(.rela.dtors)

.rel.got
 *(.rel.got)

.rela.got
 *(.rela.got)

.rel.bss
 *(.rel.bss)

.rela.bss
 *(.rela.bss)

.rel.plt
 *(.rel.plt)

.rela.plt
 *(.rela.plt)

.text           0x00000000     0x3bd0
 *(.vectors)
 .vectors       0x00000000       0xcc C:/Program Files (x86)/Atmel/Studio/7.0/Packs/atmel/ATmega_DFP/1.2.132/gcc/dev/atmega2561/avr6/crtatmega2561.o
                0x00000000                __vector_default
                0x00000000                __vectors
 *(.vectors)
 *(.progmem.gcc*)
 .progmem.gcc_sw_table.Execute
                0x000000cc       0xea MotorManager.o
 .progmem.gcc_sw_table.getActionWithHistory
                0x000001b6       0x28 TracePatternManager.o
                0x000001de                . = ALIGN (0x2)
                0x000001de                __trampolines_start = .
 *(.trampolines)
 .trampolines   0x000001de        0x0 linker stubs
 *(.trampolines*)
                0x000001de                __trampolines_end = .
 *libprintf_flt.a:*(.progmem.data)
 *libc.a:*(.progmem.data)
 *(.progmem*)
                0x000001de                . = ALIGN (0x2)
 *(.jumptables)
 *(.jumptables*)
 *(.lowtext)
 *(.lowtext*)
                0x000001de                __ctors_start = .
 *(.ctors)
                0x000001de                __ctors_end = .
                0x000001de                __dtors_start = .
 *(.dtors)
                0x000001de                __dtors_end = .
 SORT(*)(.ctors)
 SORT(*)(.dtors)
 *(.init0)
 .init0         0x000001de        0x0 C:/Program Files (x86)/Atmel/Studio/7.0/Packs/atmel/ATmega_DFP/1.2.132/gcc/dev/atmega2561/avr6/crtatmega2561.o
                0x000001de                __init
 *(.init0)
 *(.init1)
 *(.init1)
 *(.init2)
 .init2         0x000001de       0x10 C:/Program Files (x86)/Atmel/Studio/7.0/Packs/atmel/ATmega_DFP/1.2.132/gcc/dev/atmega2561/avr6/crtatmega2561.o
 *(.init2)
 *(.init3)
 *(.init3)
 *(.init4)
 .init4         0x000001ee       0x1a c:/program files (x86)/atmel/studio/7.0/toolchain/avr8/avr8-gnu-toolchain/bin/../lib/gcc/avr/5.4.0/avr6\libgcc.a(_copy_data.o)
                0x000001ee                __do_copy_data
 .init4         0x00000208       0x10 c:/program files (x86)/atmel/studio/7.0/toolchain/avr8/avr8-gnu-toolchain/bin/../lib/gcc/avr/5.4.0/avr6\libgcc.a(_clear_bss.o)
                0x00000208                __do_clear_bss
 *(.init4)
 *(.init5)
 *(.init5)
 *(.init6)
 *(.init6)
 *(.init7)
 *(.init7)
 *(.init8)
 *(.init8)
 *(.init9)
 .init9         0x00000218        0x8 C:/Program Files (x86)/Atmel/Studio/7.0/Packs/atmel/ATmega_DFP/1.2.132/gcc/dev/atmega2561/avr6/crtatmega2561.o
 *(.init9)
 *(.text)
 .text          0x00000220        0x2 C:/Program Files (x86)/Atmel/Studio/7.0/Packs/atmel/ATmega_DFP/1.2.132/gcc/dev/atmega2561/avr6/crtatmega2561.o
                0x00000220                __vector_38
                0x00000220                __vector_22
                0x00000220                __vector_28
                0x00000220                __vector_1
                0x00000220                __vector_32
                0x00000220                __vector_34
                0x00000220                __vector_24
                0x00000220                __vector_12
                0x00000220                __vector_46
                0x00000220                __bad_interrupt
                0x00000220                __vector_6
                0x00000220                __vector_31
                0x00000220                __vector_35
                0x00000220                __vector_39
                0x00000220                __vector_3
                0x00000220                __vector_23
                0x00000220                __vector_30
                0x00000220                __vector_45
                0x00000220                __vector_11
                0x00000220                __vector_13
                0x00000220                __vector_19
                0x00000220                __vector_7
                0x00000220                __vector_49
                0x00000220                __vector_41
                0x00000220                __vector_43
                0x00000220                __vector_27
                0x00000220                __vector_5
                0x00000220                __vector_33
                0x00000220                __vector_47
                0x00000220                __vector_37
                0x00000220                __vector_4
                0x00000220                __vector_44
                0x00000220                __vector_9
                0x00000220                __vector_2
                0x00000220                __vector_21
                0x00000220                __vector_15
                0x00000220                __vector_29
                0x00000220                __vector_40
                0x00000220                __vector_8
                0x00000220                __vector_26
                0x00000220                __vector_48
                0x00000220                __vector_14
                0x00000220                __vector_10
                0x00000220                __vector_50
                0x00000220                __vector_16
                0x00000220                __vector_18
                0x00000220                __vector_42
 .text          0x00000222      0x436 ../lib\libdynamixel.a(dynamixel.o)
                0x00000222                dxl_get_result
                0x0000022c                dxl_set_txpacket_id
                0x00000232                dxl_set_txpacket_instruction
                0x00000238                dxl_set_txpacket_parameter
                0x00000242                dxl_set_txpacket_length
                0x00000248                dxl_get_rxpacket_error
                0x0000025c                dxl_get_rxpacket_length
                0x00000264                dxl_get_rxpacket_parameter
                0x00000270                dxl_makeword
                0x0000027c                dxl_get_lowbyte
                0x00000284                dxl_get_highbyte
                0x0000028c                dxl_rx_packet
                0x0000041c                dxl_tx_packet
                0x000004ea                dxl_txrx_packet
                0x00000508                dxl_write_word
                0x0000053c                dxl_read_word
                0x00000578                dxl_write_byte
                0x000005a4                dxl_read_byte
                0x000005d8                dxl_ping
                0x000005fc                dxl_terminate
                0x00000600                dxl_initialize
 .text          0x00000658      0x3ba ../lib\libdynamixel.a(dxl_hal.o)
                0x00000658                dxl_hal_open
                0x0000070a                dxl_hal_close
                0x0000070c                dxl_hal_clear
                0x00000716                dxl_hal_tx
                0x0000075e                dxl_hal_set_timeout
                0x00000780                dxl_hal_timeout
                0x000008ba                dxl_hal_get_qstate
                0x000008fe                dxl_hal_put_queue
                0x00000932                dxl_hal_get_queue
                0x0000096a                dxl_hal_rx
                0x000009c0                __vector_25
 .text          0x00000a12      0x340 ../lib\libserial.a(serial.o)
                0x00000a12                serial_write
                0x00000a3a                serial_read
                0x00000ae6                serial_get_qstate
                0x00000b2a                serial_put_queue
                0x00000b92                serial_get_queue
                0x00000bca                __vector_36
                0x00000c1c                std_putchar
                0x00000c6e                std_getchar
                0x00000cec                serial_initialize
                0x00000d52                . = ALIGN (0x2)
 *(.text.*)
 .text.GetCurrentAngle
                0x00000d52       0x5c ArmActionManager.o
                0x00000d52                GetCurrentAngle
 .text.executeRotate
                0x00000dae       0x72 ArmActionManager.o
                0x00000dae                executeRotate
 .text.initDumpMotor
                0x00000e20       0x46 ArmActionManager.o
                0x00000e20                initDumpMotor
 .text.FindFormation
                0x00000e66       0x46 ArmActionManager.o
                0x00000e66                FindFormation
 .text.ArmOpenFormation
                0x00000eac       0x4a ArmActionManager.o
                0x00000eac                ArmOpenFormation
 .text.CatchAndReleaseFormation
                0x00000ef6      0x11a ArmActionManager.o
                0x00000ef6                CatchAndReleaseFormation
 .text.AvrTimerStart
                0x00001010       0x26 AvrTimer.o
                0x00001010                AvrTimerStart
 .text.AvrTimerGet
                0x00001036       0x12 AvrTimer.o
                0x00001036                AvrTimerGet
 .text.AvrTimerEnd
                0x00001048       0x20 AvrTimer.o
                0x00001048                AvrTimerEnd
 .text.AvrTimerReset
                0x00001068        0x6 AvrTimer.o
                0x00001068                AvrTimerReset
 .text.__vector_20
                0x0000106e       0x4a AvrTimer.o
                0x0000106e                __vector_20
 .text.MotorInit
                0x000010b8       0x70 MotorManager.o
                0x000010b8                MotorInit
 .text.PrintErrorCode
                0x00001128       0xf0 MotorManager.o
                0x00001128                PrintErrorCode
 .text.MotorControl
                0x00001218       0x12 MotorManager.o
                0x00001218                MotorControl
 .text.StopMove
                0x0000122a       0x16 MotorManager.o
                0x0000122a                StopMove
 .text.Move     0x00001240       0x1c MotorManager.o
                0x00001240                Move
 .text.StraightMove
                0x0000125c       0x1a MotorManager.o
                0x0000125c                StraightMove
 .text.StraightLowMove
                0x00001276        0xc MotorManager.o
                0x00001276                StraightLowMove
 .text.StraightLowMove2
                0x00001282        0xc MotorManager.o
                0x00001282                StraightLowMove2
 .text.BackLowMove
                0x0000128e        0xc MotorManager.o
                0x0000128e                BackLowMove
 .text.LeftStraightMove
                0x0000129a       0x44 MotorManager.o
                0x0000129a                LeftStraightMove
 .text.RightStraightMove
                0x000012de       0x40 MotorManager.o
                0x000012de                RightStraightMove
 .text.LeftSoftRoundMove
                0x0000131e       0x1c MotorManager.o
                0x0000131e                LeftSoftRoundMove
 .text.LeftMiddleRoundMove
                0x0000133a       0x1c MotorManager.o
                0x0000133a                LeftMiddleRoundMove
 .text.LeftTightRoundMove
                0x00001356       0x1c MotorManager.o
                0x00001356                LeftTightRoundMove
 .text.RightSoftRoundMove
                0x00001372       0x1c MotorManager.o
                0x00001372                RightSoftRoundMove
 .text.RightMiddleRoundMove
                0x0000138e       0x1c MotorManager.o
                0x0000138e                RightMiddleRoundMove
 .text.RightTightRoundMove
                0x000013aa       0x1c MotorManager.o
                0x000013aa                RightTightRoundMove
 .text.LeftTurnMove
                0x000013c6        0xc MotorManager.o
                0x000013c6                LeftTurnMove
 .text.RightTurnMove
                0x000013d2        0xc MotorManager.o
                0x000013d2                RightTurnMove
 .text.LeftTurnSlowMove
                0x000013de       0x20 MotorManager.o
                0x000013de                LeftTurnSlowMove
 .text.RightTurnSlowMove
                0x000013fe       0x1c MotorManager.o
                0x000013fe                RightTurnSlowMove
 .text.LeftTresureFindMove
                0x0000141a       0x32 MotorManager.o
                0x0000141a                LeftTresureFindMove
 .text.RightTresureFindMove
                0x0000144c       0x2e MotorManager.o
                0x0000144c                RightTresureFindMove
 .text.Execute  0x0000147a       0x4c MotorManager.o
                0x0000147a                Execute
 .text.MotorControlJoint
                0x000014c6       0x30 MotorManager.o
                0x000014c6                MotorControlJoint
 .text.GetCurrentSpeedR
                0x000014f6       0x60 MotorManager.o
                0x000014f6                GetCurrentSpeedR
 .text.stopMoveLessThanVal
                0x00001556       0x42 MotorManager.o
                0x00001556                stopMoveLessThanVal
 .text.GetCurrentSpeedL
                0x00001598       0x64 MotorManager.o
                0x00001598                GetCurrentSpeedL
 .text.GetCurrentSignedSpeedR
                0x000015fc       0x14 MotorManager.o
                0x000015fc                GetCurrentSignedSpeedR
 .text.GetCurrentSignedSpeedL
                0x00001610       0x20 MotorManager.o
                0x00001610                GetCurrentSignedSpeedL
 .text.GetAXS1SensorFireData
                0x00001630       0x9c MotorManager.o
                0x00001630                GetAXS1SensorFireData
 .text.StartMeasuringMovingDistance
                0x000016cc       0x18 MovingDistance.o
                0x000016cc                StartMeasuringMovingDistance
 .text.StopMeasuringMovingDistance
                0x000016e4        0x6 MovingDistance.o
                0x000016e4                StopMeasuringMovingDistance
 .text.GetMovingDistance
                0x000016ea       0x12 MovingDistance.o
                0x000016ea                GetMovingDistance
 .text.UpdateMovingDistance
                0x000016fc      0x15c MovingDistance.o
                0x000016fc                UpdateMovingDistance
 .text.initIRSensor
                0x00001858       0x28 SensorManager.o
                0x00001858                initIRSensor
 .text.ReadIRSensor
                0x00001880       0x24 SensorManager.o
                0x00001880                ReadIRSensor
 .text.ReadIRSensors
                0x000018a4       0x30 SensorManager.o
                0x000018a4                ReadIRSensors
 .text.__vector_17
                0x000018d4       0x52 SensorManager.o
                0x000018d4                __vector_17
 .text.initSerial
                0x00001926        0xe SerialManager.o
                0x00001926                initSerial
 .text.treasureHunt_01
                0x00001934       0xb0 GccApplication1.o
                0x00001934                treasureHunt_01
 .text.treasureHunt_02
                0x000019e4       0x56 GccApplication1.o
                0x000019e4                treasureHunt_02
 .text.executeHunt1And2TraceProcess
                0x00001a3a       0x20 GccApplication1.o
                0x00001a3a                executeHunt1And2TraceProcess
 .text.initCargoBedMotor
                0x00001a5a       0x16 GccApplication1.o
                0x00001a5a                initCargoBedMotor
 .text.dumpTreasures
                0x00001a70       0x58 GccApplication1.o
                0x00001a70                dumpTreasures
 .text.executeFinalAction
                0x00001ac8       0xda GccApplication1.o
                0x00001ac8                executeFinalAction
 .text.initEmergencyStop
                0x00001ba2        0xa GccApplication1.o
                0x00001ba2                initEmergencyStop
 .text.setLED   0x00001bac        0x8 GccApplication1.o
                0x00001bac                setLED
 .text.main     0x00001bb4       0x22 GccApplication1.o
                0x00001bb4                main
 .text.LED_on   0x00001bd6       0x26 GccApplication1.o
                0x00001bd6                LED_on
 .text.initActionTable
                0x00001bfc      0x1ae TracePatternManager.o
                0x00001bfc                initActionTable
 .text.initSensorHistory
                0x00001daa       0x2e TracePatternManager.o
                0x00001daa                initSensorHistory
 .text.getActionWithHistory
                0x00001dd8      0x202 TracePatternManager.o
                0x00001dd8                getActionWithHistory
 .text.getSensors
                0x00001fda       0xfe TracePatternManager.o
                0x00001fda                getSensors
 .text.getSensorPattern
                0x000020d8        0xc TracePatternManager.o
                0x000020d8                getSensorPattern
 .text.initTraceAction
                0x000020e4       0x12 TraceManager.o
                0x000020e4                initTraceAction
 .text.traceCommon
                0x000020f6       0x8a TraceManager.o
                0x000020f6                traceCommon
 .text.traceForwardArea_01
                0x00002180       0x7e TraceManager.o
                0x00002180                traceForwardArea_01
 .text.traceForwardArea_02
                0x000021fe       0x6a TraceManager.o
                0x000021fe                traceForwardArea_02
 .text.traceForwardArea_03
                0x00002268       0x6a TraceManager.o
                0x00002268                traceForwardArea_03
 .text.traceForwardArea_04
                0x000022d2       0x6a TraceManager.o
                0x000022d2                traceForwardArea_04
 .text.traceForwardArea_05
                0x0000233c       0x6a TraceManager.o
                0x0000233c                traceForwardArea_05
 .text.traceBackwardArea_01
                0x000023a6       0x6a TraceManager.o
                0x000023a6                traceBackwardArea_01
 .text.traceBackwardArea_02
                0x00002410       0x6a TraceManager.o
                0x00002410                traceBackwardArea_02
 .text.traceBackwardArea_03
                0x0000247a       0x76 TraceManager.o
                0x0000247a                traceBackwardArea_03
 .text.traceBackwardArea_04
                0x000024f0       0x6a TraceManager.o
                0x000024f0                traceBackwardArea_04
 .text.traceBackwardArea_18
                0x0000255a       0x80 TraceManager.o
                0x0000255a                traceBackwardArea_18
 .text.TreasureFindingLineTrace
                0x000025da       0xe2 TraceManager.o
                0x000025da                TreasureFindingLineTrace
 .text.shortTraceToRightTurn
                0x000026bc       0x6a TraceManager.o
                0x000026bc                shortTraceToRightTurn
 .text.traceBackLowMoveArea_01
                0x00002726       0x82 TraceManager.o
                0x00002726                traceBackLowMoveArea_01
 .text.initLeftTurnAction
                0x000027a8       0x3c TurnManager.o
                0x000027a8                initLeftTurnAction
 .text.initRightTurnAction
                0x000027e4       0x3c TurnManager.o
                0x000027e4                initRightTurnAction
 .text.executeRightTurnFromOnLine
                0x00002820      0x23a TurnManager.o
                0x00002820                executeRightTurnFromOnLine
 .text.adjustTurnPosition
                0x00002a5a       0xf6 TurnManager.o
                0x00002a5a                adjustTurnPosition
 .text.executeLeftTurn
                0x00002b50      0x108 TurnManager.o
                0x00002b50                executeLeftTurn
 .text.executeRightTurn
                0x00002c58      0x110 TurnManager.o
                0x00002c58                executeRightTurn
 .text.libgcc.mul
                0x00002d68       0x1e c:/program files (x86)/atmel/studio/7.0/toolchain/avr8/avr8-gnu-toolchain/bin/../lib/gcc/avr/5.4.0/avr6\libgcc.a(_mulsi3.o)
                0x00002d68                __mulsi3
 .text.libgcc.div
                0x00002d86       0x26 c:/program files (x86)/atmel/studio/7.0/toolchain/avr8/avr8-gnu-toolchain/bin/../lib/gcc/avr/5.4.0/avr6\libgcc.a(_divmodhi4.o)
                0x00002d86                _div
                0x00002d86                __divmodhi4
 .text.libgcc.div
                0x00002dac       0x44 c:/program files (x86)/atmel/studio/7.0/toolchain/avr8/avr8-gnu-toolchain/bin/../lib/gcc/avr/5.4.0/avr6\libgcc.a(_udivmodsi4.o)
                0x00002dac                __udivmodsi4
 .text.libgcc.div
                0x00002df0       0x28 c:/program files (x86)/atmel/studio/7.0/toolchain/avr8/avr8-gnu-toolchain/bin/../lib/gcc/avr/5.4.0/avr6\libgcc.a(_divmodsi4.o)
                0x00002df0                __divmodsi4
 .text.libgcc.div
                0x00002e18       0x10 c:/program files (x86)/atmel/studio/7.0/toolchain/avr8/avr8-gnu-toolchain/bin/../lib/gcc/avr/5.4.0/avr6\libgcc.a(_negsi2.o)
                0x00002e18                __negsi2
 .text.libgcc   0x00002e28       0x10 c:/program files (x86)/atmel/studio/7.0/toolchain/avr8/avr8-gnu-toolchain/bin/../lib/gcc/avr/5.4.0/avr6\libgcc.a(_tablejump2.o)
                0x00002e28                __tablejump2__
 .text.libgcc.mul
                0x00002e38       0x14 c:/program files (x86)/atmel/studio/7.0/toolchain/avr8/avr8-gnu-toolchain/bin/../lib/gcc/avr/5.4.0/avr6\libgcc.a(_muluhisi3.o)
                0x00002e38                __muluhisi3
 .text.libgcc.mul
                0x00002e4c        0xc c:/program files (x86)/atmel/studio/7.0/toolchain/avr8/avr8-gnu-toolchain/bin/../lib/gcc/avr/5.4.0/avr6\libgcc.a(_mulshisi3.o)
                0x00002e4c                __mulshisi3
                0x00002e50                __mulohisi3
 .text.libgcc.div
                0x00002e58       0x28 c:/program files (x86)/atmel/studio/7.0/toolchain/avr8/avr8-gnu-toolchain/bin/../lib/gcc/avr/5.4.0/avr6\libgcc.a(_udivmodhi4.o)
                0x00002e58                __udivmodhi4
 .text.libgcc.mul
                0x00002e80       0x1e c:/program files (x86)/atmel/studio/7.0/toolchain/avr8/avr8-gnu-toolchain/bin/../lib/gcc/avr/5.4.0/avr6\libgcc.a(_umulhisi3.o)
                0x00002e80                __umulhisi3
 .text.avr-libc.fplib
                0x00002e9e        0xa c:/program files (x86)/atmel/studio/7.0/toolchain/avr8/avr8-gnu-toolchain/bin/../lib/gcc/avr/5.4.0/../../../../avr/lib/avr6\libm.a(addsf3.o)
                0x00002e9e                __subsf3
                0x00002ea0                __addsf3
 .text.avr-libc.fplib
                0x00002ea8       0xc0 c:/program files (x86)/atmel/studio/7.0/toolchain/avr8/avr8-gnu-toolchain/bin/../lib/gcc/avr/5.4.0/../../../../avr/lib/avr6\libm.a(addsf3x.o)
                0x00002ec2                __addsf3x
 .text.avr-libc.fplib
                0x00002f68        0x8 c:/program files (x86)/atmel/studio/7.0/toolchain/avr8/avr8-gnu-toolchain/bin/../lib/gcc/avr/5.4.0/../../../../avr/lib/avr6\libm.a(cmpsf2.o)
                0x00002f68                __nesf2
                0x00002f68                __eqsf2
                0x00002f68                __cmpsf2
                0x00002f68                __ltsf2
                0x00002f68                __lesf2
 .text.avr-libc.fplib
                0x00002f70        0x4 c:/program files (x86)/atmel/studio/7.0/toolchain/avr8/avr8-gnu-toolchain/bin/../lib/gcc/avr/5.4.0/../../../../avr/lib/avr6\libm.a(divsf3.o)
                0x00002f70                __divsf3
 .text.avr-libc.fplib
                0x00002f74       0xcc c:/program files (x86)/atmel/studio/7.0/toolchain/avr8/avr8-gnu-toolchain/bin/../lib/gcc/avr/5.4.0/../../../../avr/lib/avr6\libm.a(divsf3x.o)
                0x00002f8a                __divsf3x
                0x00002f8e                __divsf3_pse
 .text.avr-libc.fplib
                0x00003040        0xa c:/program files (x86)/atmel/studio/7.0/toolchain/avr8/avr8-gnu-toolchain/bin/../lib/gcc/avr/5.4.0/../../../../avr/lib/avr6\libm.a(fixsfsi.o)
                0x00003040                __fixsfsi
 .text.avr-libc.fplib
                0x0000304a       0x58 c:/program files (x86)/atmel/studio/7.0/toolchain/avr8/avr8-gnu-toolchain/bin/../lib/gcc/avr/5.4.0/../../../../avr/lib/avr6\libm.a(fixunssfsi.o)
                0x0000304a                __fixunssfsi
 .text.avr-libc.fplib
                0x000030a2       0x7a c:/program files (x86)/atmel/studio/7.0/toolchain/avr8/avr8-gnu-toolchain/bin/../lib/gcc/avr/5.4.0/../../../../avr/lib/avr6\libm.a(floatsisf.o)
                0x000030a2                __floatunsisf
                0x000030a6                __floatsisf
 .text.avr-libc.fplib
                0x0000311c       0x48 c:/program files (x86)/atmel/studio/7.0/toolchain/avr8/avr8-gnu-toolchain/bin/../lib/gcc/avr/5.4.0/../../../../avr/lib/avr6\libm.a(fp_cmp.o)
                0x0000311c                __fp_cmp
 .text.avr-libc.fplib
                0x00003164        0xc c:/program files (x86)/atmel/studio/7.0/toolchain/avr8/avr8-gnu-toolchain/bin/../lib/gcc/avr/5.4.0/../../../../avr/lib/avr6\libm.a(fp_inf.o)
                0x00003164                __fp_inf
 .text.avr-libc.fplib
                0x00003170        0x6 c:/program files (x86)/atmel/studio/7.0/toolchain/avr8/avr8-gnu-toolchain/bin/../lib/gcc/avr/5.4.0/../../../../avr/lib/avr6\libm.a(fp_nan.o)
                0x00003170                __fp_nan
 .text.avr-libc.fplib
                0x00003176        0xe c:/program files (x86)/atmel/studio/7.0/toolchain/avr8/avr8-gnu-toolchain/bin/../lib/gcc/avr/5.4.0/../../../../avr/lib/avr6\libm.a(fp_pscA.o)
                0x00003176                __fp_pscA
 .text.avr-libc.fplib
                0x00003184        0xe c:/program files (x86)/atmel/studio/7.0/toolchain/avr8/avr8-gnu-toolchain/bin/../lib/gcc/avr/5.4.0/../../../../avr/lib/avr6\libm.a(fp_pscB.o)
                0x00003184                __fp_pscB
 .text.avr-libc.fplib
                0x00003192       0x22 c:/program files (x86)/atmel/studio/7.0/toolchain/avr8/avr8-gnu-toolchain/bin/../lib/gcc/avr/5.4.0/../../../../avr/lib/avr6\libm.a(fp_round.o)
                0x00003192                __fp_round
 .text.avr-libc.fplib
                0x000031b4       0x44 c:/program files (x86)/atmel/studio/7.0/toolchain/avr8/avr8-gnu-toolchain/bin/../lib/gcc/avr/5.4.0/../../../../avr/lib/avr6\libm.a(fp_split3.o)
                0x000031b4                __fp_split3
                0x000031c4                __fp_splitA
 .text.avr-libc.fplib
                0x000031f8        0xe c:/program files (x86)/atmel/studio/7.0/toolchain/avr8/avr8-gnu-toolchain/bin/../lib/gcc/avr/5.4.0/../../../../avr/lib/avr6\libm.a(fp_zero.o)
                0x000031f8                __fp_zero
                0x000031fa                __fp_szero
 .text.avr-libc.fplib
                0x00003206        0x8 c:/program files (x86)/atmel/studio/7.0/toolchain/avr8/avr8-gnu-toolchain/bin/../lib/gcc/avr/5.4.0/../../../../avr/lib/avr6\libm.a(gesf2.o)
                0x00003206                __gesf2
                0x00003206                __gtsf2
 .text.avr-libc.fplib
                0x0000320e        0x4 c:/program files (x86)/atmel/studio/7.0/toolchain/avr8/avr8-gnu-toolchain/bin/../lib/gcc/avr/5.4.0/../../../../avr/lib/avr6\libm.a(mulsf3.o)
                0x0000320e                __mulsf3
 .text.avr-libc.fplib
                0x00003212       0xc2 c:/program files (x86)/atmel/studio/7.0/toolchain/avr8/avr8-gnu-toolchain/bin/../lib/gcc/avr/5.4.0/../../../../avr/lib/avr6\libm.a(mulsf3x.o)
                0x00003226                __mulsf3x
                0x0000322a                __mulsf3_pse
 .text.avr-libc
                0x000032d4        0xe c:/program files (x86)/atmel/studio/7.0/toolchain/avr8/avr8-gnu-toolchain/bin/../lib/gcc/avr/5.4.0/../../../../avr/lib/avr6\libc.a(memset.o)
                0x000032d4                memset
 .text.avr-libc
                0x000032e2       0x94 c:/program files (x86)/atmel/studio/7.0/toolchain/avr8/avr8-gnu-toolchain/bin/../lib/gcc/avr/5.4.0/../../../../avr/lib/avr6\libc.a(fdevopen.o)
                0x000032e2                fdevopen
 .text.avr-libc
                0x00003376       0x26 c:/program files (x86)/atmel/studio/7.0/toolchain/avr8/avr8-gnu-toolchain/bin/../lib/gcc/avr/5.4.0/../../../../avr/lib/avr6\libc.a(printf.o)
                0x00003376                printf
 .text.avr-libc
                0x0000339c       0x60 c:/program files (x86)/atmel/studio/7.0/toolchain/avr8/avr8-gnu-toolchain/bin/../lib/gcc/avr/5.4.0/../../../../avr/lib/avr6\libc.a(puts.o)
                0x0000339c                puts
 .text.avr-libc
                0x000033fc      0x3fa c:/program files (x86)/atmel/studio/7.0/toolchain/avr8/avr8-gnu-toolchain/bin/../lib/gcc/avr/5.4.0/../../../../avr/lib/avr6\libc.a(vfprintf_std.o)
                0x000033fc                vfprintf
 .text.avr-libc
                0x000037f6       0x34 c:/program files (x86)/atmel/studio/7.0/toolchain/avr8/avr8-gnu-toolchain/bin/../lib/gcc/avr/5.4.0/../../../../avr/lib/avr6\libc.a(calloc.o)
                0x000037f6                calloc
 .text.avr-libc
                0x0000382a      0x242 c:/program files (x86)/atmel/studio/7.0/toolchain/avr8/avr8-gnu-toolchain/bin/../lib/gcc/avr/5.4.0/../../../../avr/lib/avr6\libc.a(malloc.o)
                0x0000382a                malloc
                0x0000395a                free
 .text.avr-libc
                0x00003a6c       0x16 c:/program files (x86)/atmel/studio/7.0/toolchain/avr8/avr8-gnu-toolchain/bin/../lib/gcc/avr/5.4.0/../../../../avr/lib/avr6\libc.a(strnlen_P.o)
                0x00003a6c                strnlen_P
 .text.avr-libc
                0x00003a82       0x16 c:/program files (x86)/atmel/studio/7.0/toolchain/avr8/avr8-gnu-toolchain/bin/../lib/gcc/avr/5.4.0/../../../../avr/lib/avr6\libc.a(strnlen.o)
                0x00003a82                strnlen
 .text.avr-libc
                0x00003a98       0x78 c:/program files (x86)/atmel/studio/7.0/toolchain/avr8/avr8-gnu-toolchain/bin/../lib/gcc/avr/5.4.0/../../../../avr/lib/avr6\libc.a(fputc.o)
                0x00003a98                fputc
 .text.avr-libc
                0x00003b10       0xbc c:/program files (x86)/atmel/studio/7.0/toolchain/avr8/avr8-gnu-toolchain/bin/../lib/gcc/avr/5.4.0/../../../../avr/lib/avr6\libc.a(ultoa_invert.o)
                0x00003b10                __ultoa_invert
                0x00003bcc                . = ALIGN (0x2)
 *(.fini9)
 .fini9         0x00003bcc        0x0 c:/program files (x86)/atmel/studio/7.0/toolchain/avr8/avr8-gnu-toolchain/bin/../lib/gcc/avr/5.4.0/avr6\libgcc.a(_exit.o)
                0x00003bcc                _exit
                0x00003bcc                exit
 *(.fini9)
 *(.fini8)
 *(.fini8)
 *(.fini7)
 *(.fini7)
 *(.fini6)
 *(.fini6)
 *(.fini5)
 *(.fini5)
 *(.fini4)
 *(.fini4)
 *(.fini3)
 *(.fini3)
 *(.fini2)
 *(.fini2)
 *(.fini1)
 *(.fini1)
 *(.fini0)
 .fini0         0x00003bcc        0x4 c:/program files (x86)/atmel/studio/7.0/toolchain/avr8/avr8-gnu-toolchain/bin/../lib/gcc/avr/5.4.0/avr6\libgcc.a(_exit.o)
 *(.fini0)
                0x00003bd0                _etext = .

.data           0x00800200       0x96 load address 0x00003bd0
                0x00800200                PROVIDE (__data_start, .)
 *(.data)
 .data          0x00800200        0x2 ../lib\libdynamixel.a(dynamixel.o)
                0x00800200                gbCommStatus
 .data          0x00800202        0x6 c:/program files (x86)/atmel/studio/7.0/toolchain/avr8/avr8-gnu-toolchain/bin/../lib/gcc/avr/5.4.0/../../../../avr/lib/avr6\libc.a(malloc.o)
                0x00800202                __malloc_heap_end
                0x00800204                __malloc_heap_start
                0x00800206                __malloc_margin
 *(.data*)
 *(.rodata)
 *(.rodata*)
 .rodata.str1.1
                0x00800208       0x8d MotorManager.o
 *(.gnu.linkonce.d*)
                0x00800296                . = ALIGN (0x2)
 *fill*         0x00800295        0x1 
                0x00800296                _edata = .
                0x00800296                PROVIDE (__data_end, .)

.bss            0x00800296      0x351
                0x00800296                PROVIDE (__bss_start, .)
 *(.bss)
 .bss           0x00800296       0xea ../lib\libdynamixel.a(dynamixel.o)
                0x00800296                gbInstructionPacket
                0x00800336                gbStatusPacket
                0x0080037c                gbRxPacketLength
                0x0080037d                gbRxGetLength
                0x0080037e                giBusUsing
 .bss           0x00800380      0x102 ../lib\libdynamixel.a(dxl_hal.o)
                0x00800380                gbDxlBuffer
                0x00800480                gbDxlBufferHead
                0x00800481                gbDxlBufferTail
 .bss           0x00800482       0x84 ../lib\libserial.a(serial.o)
                0x00800482                gbSerialBuffer
                0x00800502                gbSerialBufferHead
                0x00800503                gbSerialBufferTail
 *(.bss*)
 .bss.angle.2103
                0x00800506        0x2 ArmActionManager.o
 .bss.avr16bitMTimer
                0x00800508        0x4 AvrTimer.o
 .bss.fire_data_right.2245
                0x0080050c        0x2 MotorManager.o
 .bss.fire_data_center.2244
                0x0080050e        0x2 MotorManager.o
 .bss.fire_data_left.2243
                0x00800510        0x2 MotorManager.o
 .bss.speed.2229
                0x00800512        0x2 MotorManager.o
 .bss.speed.2223
                0x00800514        0x2 MotorManager.o
 .bss.measurementStatus
                0x00800516        0x1 MovingDistance.o
 .bss.lastTime  0x00800517        0x4 MovingDistance.o
 .bss.velocity_0
                0x0080051b        0x2 MovingDistance.o
 .bss.movingDistance
                0x0080051d        0x4 MovingDistance.o
 .bss.ptn.2237  0x00800521        0x2 TracePatternManager.o
 *(COMMON)
 COMMON         0x00800523        0x4 ArmActionManager.o
                0x00800523                BaseSpeed
                0x00800525                mCount
 COMMON         0x00800527       0x10 SensorManager.o
                0x00800527                values
                0x00800529                IRArrays
 COMMON         0x00800537       0x9c GccApplication1.o
                0x00800537                ActionTable
                0x008005b7                IR_BitPattern
                0x008005b9                currentCount
                0x008005bb                currentTraceAction
                0x008005bd                isSearchingLeftSide
                0x008005bf                IR_BitPatternHistory
                0x008005c5                IR
 COMMON         0x008005d3        0xa ../lib\libdynamixel.a(dxl_hal.o)
                0x008005d3                gwReturnDelayCountNum
                0x008005d5                gfByteTransTime_us
                0x008005d9                gwTimeoutCountNum
                0x008005db                gwCountNum
 COMMON         0x008005dd        0x6 c:/program files (x86)/atmel/studio/7.0/toolchain/avr8/avr8-gnu-toolchain/bin/../lib/gcc/avr/5.4.0/../../../../avr/lib/avr6\libc.a(iob.o)
                0x008005dd                __iob
 COMMON         0x008005e3        0x4 c:/program files (x86)/atmel/studio/7.0/toolchain/avr8/avr8-gnu-toolchain/bin/../lib/gcc/avr/5.4.0/../../../../avr/lib/avr6\libc.a(malloc.o)
                0x008005e3                __brkval
                0x008005e5                __flp
                0x008005e7                PROVIDE (__bss_end, .)
                0x00003bd0                __data_load_start = LOADADDR (.data)
                0x00003c66                __data_load_end = (__data_load_start + SIZEOF (.data))

.noinit         0x008005e7        0x0
                [!provide]                PROVIDE (__noinit_start, .)
 *(.noinit*)
                [!provide]                PROVIDE (__noinit_end, .)
                0x008005e7                _end = .
                0x008005e7                PROVIDE (__heap_start, .)

.eeprom         0x00810000        0x0
 *(.eeprom*)
                0x00810000                __eeprom_end = .

.fuse
 *(.fuse)
 *(.lfuse)
 *(.hfuse)
 *(.efuse)

.lock
 *(.lock*)

.signature
 *(.signature*)

.user_signatures
 *(.user_signatures*)

.stab
 *(.stab)

.stabstr
 *(.stabstr)

.stab.excl
 *(.stab.excl)

.stab.exclstr
 *(.stab.exclstr)

.stab.index
 *(.stab.index)

.stab.indexstr
 *(.stab.indexstr)

.comment        0x00000000       0x5c
 *(.comment)
 .comment       0x00000000       0x30 ArmActionManager.o
                                 0x31 (size before relaxing)
 .comment       0x00000030       0x31 AvrTimer.o
 .comment       0x00000030       0x31 MotorManager.o
 .comment       0x00000030       0x31 MovingDistance.o
 .comment       0x00000030       0x31 SensorManager.o
 .comment       0x00000030       0x31 SerialManager.o
 .comment       0x00000030       0x31 GccApplication1.o
 .comment       0x00000030       0x31 TracePatternManager.o
 .comment       0x00000030       0x31 TraceManager.o
 .comment       0x00000030       0x31 TurnManager.o
 .comment       0x00000030       0x31 c:/program files (x86)/atmel/studio/7.0/toolchain/avr8/avr8-gnu-toolchain/bin/../lib/gcc/avr/5.4.0/../../../../avr/lib/avr6\libc.a(fdevopen.o)
 .comment       0x00000030       0x31 c:/program files (x86)/atmel/studio/7.0/toolchain/avr8/avr8-gnu-toolchain/bin/../lib/gcc/avr/5.4.0/../../../../avr/lib/avr6\libc.a(iob.o)
 .comment       0x00000030       0x31 c:/program files (x86)/atmel/studio/7.0/toolchain/avr8/avr8-gnu-toolchain/bin/../lib/gcc/avr/5.4.0/../../../../avr/lib/avr6\libc.a(printf.o)
 .comment       0x00000030       0x31 c:/program files (x86)/atmel/studio/7.0/toolchain/avr8/avr8-gnu-toolchain/bin/../lib/gcc/avr/5.4.0/../../../../avr/lib/avr6\libc.a(puts.o)
 .comment       0x00000030       0x2c c:/program files (x86)/atmel/studio/7.0/toolchain/avr8/avr8-gnu-toolchain/bin/../lib/gcc/avr/5.4.0/../../../../avr/lib/avr6\libc.a(vfprintf_std.o)
                                 0x2d (size before relaxing)
 .comment       0x0000005c       0x31 c:/program files (x86)/atmel/studio/7.0/toolchain/avr8/avr8-gnu-toolchain/bin/../lib/gcc/avr/5.4.0/../../../../avr/lib/avr6\libc.a(calloc.o)
 .comment       0x0000005c       0x31 c:/program files (x86)/atmel/studio/7.0/toolchain/avr8/avr8-gnu-toolchain/bin/../lib/gcc/avr/5.4.0/../../../../avr/lib/avr6\libc.a(malloc.o)
 .comment       0x0000005c       0x31 c:/program files (x86)/atmel/studio/7.0/toolchain/avr8/avr8-gnu-toolchain/bin/../lib/gcc/avr/5.4.0/../../../../avr/lib/avr6\libc.a(fputc.o)

.note.gnu.avr.deviceinfo
                0x00000000       0x40
 .note.gnu.avr.deviceinfo
                0x00000000       0x40 C:/Program Files (x86)/Atmel/Studio/7.0/Packs/atmel/ATmega_DFP/1.2.132/gcc/dev/atmega2561/avr6/crtatmega2561.o

.note.gnu.build-id
 *(.note.gnu.build-id)

.debug
 *(.debug)

.line
 *(.line)

.debug_srcinfo
 *(.debug_srcinfo)

.debug_sfnames
 *(.debug_sfnames)

.debug_aranges  0x00000000      0x4e0
 *(.debug_aranges)
 .debug_aranges
                0x00000000       0x50 ArmActionManager.o
 .debug_aranges
                0x00000050       0x40 AvrTimer.o
 .debug_aranges
                0x00000090      0x118 MotorManager.o
 .debug_aranges
                0x000001a8       0x38 MovingDistance.o
 .debug_aranges
                0x000001e0       0x40 SensorManager.o
 .debug_aranges
                0x00000220       0x38 SerialManager.o
 .debug_aranges
                0x00000258       0x98 GccApplication1.o
 .debug_aranges
                0x000002f0       0x48 TracePatternManager.o
 .debug_aranges
                0x00000338       0xf8 TraceManager.o
 .debug_aranges
                0x00000430       0x50 TurnManager.o
 .debug_aranges
                0x00000480       0x20 ../lib\libdynamixel.a(dynamixel.o)
 .debug_aranges
                0x000004a0       0x20 ../lib\libdynamixel.a(dxl_hal.o)
 .debug_aranges
                0x000004c0       0x20 ../lib\libserial.a(serial.o)

.debug_pubnames
                0x00000000      0x4bb
 *(.debug_pubnames)
 .debug_pubnames
                0x00000000      0x24f ../lib\libdynamixel.a(dynamixel.o)
 .debug_pubnames
                0x0000024f      0x172 ../lib\libdynamixel.a(dxl_hal.o)
 .debug_pubnames
                0x000003c1       0xfa ../lib\libserial.a(serial.o)

.debug_info     0x00000000     0x76ab
 *(.debug_info .gnu.linkonce.wi.*)
 .debug_info    0x00000000      0xa1a C:/Program Files (x86)/Atmel/Studio/7.0/Packs/atmel/ATmega_DFP/1.2.132/gcc/dev/atmega2561/avr6/crtatmega2561.o
 .debug_info    0x00000a1a      0xa65 ArmActionManager.o
 .debug_info    0x0000147f      0x144 AvrTimer.o
 .debug_info    0x000015c3     0x1139 MotorManager.o
 .debug_info    0x000026fc      0x217 MovingDistance.o
 .debug_info    0x00002913      0x1a3 SensorManager.o
 .debug_info    0x00002ab6      0x29e SerialManager.o
 .debug_info    0x00002d54     0x127b GccApplication1.o
 .debug_info    0x00003fcf      0x324 TracePatternManager.o
 .debug_info    0x000042f3     0x1277 TraceManager.o
 .debug_info    0x0000556a     0x1216 TurnManager.o
 .debug_info    0x00006780      0x5d9 ../lib\libdynamixel.a(dynamixel.o)
 .debug_info    0x00006d59      0x486 ../lib\libdynamixel.a(dxl_hal.o)
 .debug_info    0x000071df      0x4cc ../lib\libserial.a(serial.o)

.debug_abbrev   0x00000000     0x1f71
 *(.debug_abbrev)
 .debug_abbrev  0x00000000      0x98e C:/Program Files (x86)/Atmel/Studio/7.0/Packs/atmel/ATmega_DFP/1.2.132/gcc/dev/atmega2561/avr6/crtatmega2561.o
 .debug_abbrev  0x0000098e      0x182 ArmActionManager.o
 .debug_abbrev  0x00000b10       0xbe AvrTimer.o
 .debug_abbrev  0x00000bce      0x284 MotorManager.o
 .debug_abbrev  0x00000e52       0xe5 MovingDistance.o
 .debug_abbrev  0x00000f37      0x106 SensorManager.o
 .debug_abbrev  0x0000103d      0x1bb SerialManager.o
 .debug_abbrev  0x000011f8      0x21f GccApplication1.o
 .debug_abbrev  0x00001417      0x191 TracePatternManager.o
 .debug_abbrev  0x000015a8      0x258 TraceManager.o
 .debug_abbrev  0x00001800      0x1b0 TurnManager.o
 .debug_abbrev  0x000019b0      0x21d ../lib\libdynamixel.a(dynamixel.o)
 .debug_abbrev  0x00001bcd      0x173 ../lib\libdynamixel.a(dxl_hal.o)
 .debug_abbrev  0x00001d40      0x231 ../lib\libserial.a(serial.o)

.debug_line     0x00000000     0x3ccf
 *(.debug_line .debug_line.* .debug_line_end)
 .debug_line    0x00000000      0x1d5 C:/Program Files (x86)/Atmel/Studio/7.0/Packs/atmel/ATmega_DFP/1.2.132/gcc/dev/atmega2561/avr6/crtatmega2561.o
 .debug_line    0x000001d5      0x2f1 ArmActionManager.o
 .debug_line    0x000004c6      0x154 AvrTimer.o
 .debug_line    0x0000061a      0x6da MotorManager.o
 .debug_line    0x00000cf4      0x175 MovingDistance.o
 .debug_line    0x00000e69      0x1a0 SensorManager.o
 .debug_line    0x00001009      0x188 SerialManager.o
 .debug_line    0x00001191      0x795 GccApplication1.o
 .debug_line    0x00001926      0x49b TracePatternManager.o
 .debug_line    0x00001dc1      0xabd TraceManager.o
 .debug_line    0x0000287e      0x850 TurnManager.o
 .debug_line    0x000030ce      0x533 ../lib\libdynamixel.a(dynamixel.o)
 .debug_line    0x00003601      0x38e ../lib\libdynamixel.a(dxl_hal.o)
 .debug_line    0x0000398f      0x340 ../lib\libserial.a(serial.o)

.debug_frame    0x00000000      0xf84
 *(.debug_frame)
 .debug_frame   0x00000000      0x110 ArmActionManager.o
 .debug_frame   0x00000110       0x84 AvrTimer.o
 .debug_frame   0x00000194      0x2e0 MotorManager.o
 .debug_frame   0x00000474       0x9c MovingDistance.o
 .debug_frame   0x00000510       0xc0 SensorManager.o
 .debug_frame   0x000005d0       0x54 SerialManager.o
 .debug_frame   0x00000624      0x1c4 GccApplication1.o
 .debug_frame   0x000007e8       0xd4 TracePatternManager.o
 .debug_frame   0x000008bc      0x35c TraceManager.o
 .debug_frame   0x00000c18       0xac TurnManager.o
 .debug_frame   0x00000cc4      0x160 ../lib\libdynamixel.a(dynamixel.o)
 .debug_frame   0x00000e24       0xc0 ../lib\libdynamixel.a(dxl_hal.o)
 .debug_frame   0x00000ee4       0xa0 ../lib\libserial.a(serial.o)

.debug_str      0x00000000     0x1634
 *(.debug_str)
 .debug_str     0x00000000      0x366 C:/Program Files (x86)/Atmel/Studio/7.0/Packs/atmel/ATmega_DFP/1.2.132/gcc/dev/atmega2561/avr6/crtatmega2561.o
 .debug_str     0x00000366      0x25c ArmActionManager.o
                                0x2ab (size before relaxing)
 .debug_str     0x000005c2       0x75 AvrTimer.o
                                0x1d6 (size before relaxing)
 .debug_str     0x00000637      0x2d8 MotorManager.o
                                0x52e (size before relaxing)
 .debug_str     0x0000090f      0x12b MovingDistance.o
                                0x2eb (size before relaxing)
 .debug_str     0x00000a3a       0x75 SensorManager.o
                                0x1cd (size before relaxing)
 .debug_str     0x00000aaf       0xc5 SerialManager.o
                                0x21d (size before relaxing)
 .debug_str     0x00000b74      0x414 GccApplication1.o
                                0x6b3 (size before relaxing)
 .debug_str     0x00000f88      0x112 TracePatternManager.o
                                0x2f7 (size before relaxing)
 .debug_str     0x0000109a       0x91 TraceManager.o
                                0x625 (size before relaxing)
 .debug_str     0x0000112b       0x61 TurnManager.o
                                0x354 (size before relaxing)
 .debug_str     0x0000118c      0x229 ../lib\libdynamixel.a(dynamixel.o)
                                0x2c2 (size before relaxing)
 .debug_str     0x000013b5      0x197 ../lib\libdynamixel.a(dxl_hal.o)
                                0x29d (size before relaxing)
 .debug_str     0x0000154c       0xe8 ../lib\libserial.a(serial.o)
                                0x1c6 (size before relaxing)

.debug_loc      0x00000000     0x46d0
 *(.debug_loc)
 .debug_loc     0x00000000      0x4c8 ArmActionManager.o
 .debug_loc     0x000004c8       0x63 AvrTimer.o
 .debug_loc     0x0000052b      0xc86 MotorManager.o
 .debug_loc     0x000011b1      0x1bf MovingDistance.o
 .debug_loc     0x00001370      0x184 SensorManager.o
 .debug_loc     0x000014f4       0xc5 SerialManager.o
 .debug_loc     0x000015b9      0xa5d GccApplication1.o
 .debug_loc     0x00002016      0x262 TracePatternManager.o
 .debug_loc     0x00002278      0xc36 TraceManager.o
 .debug_loc     0x00002eae     0x1047 TurnManager.o
 .debug_loc     0x00003ef5      0x358 ../lib\libdynamixel.a(dynamixel.o)
 .debug_loc     0x0000424d      0x29e ../lib\libdynamixel.a(dxl_hal.o)
 .debug_loc     0x000044eb      0x1e5 ../lib\libserial.a(serial.o)

.debug_macinfo
 *(.debug_macinfo)

.debug_weaknames
 *(.debug_weaknames)

.debug_funcnames
 *(.debug_funcnames)

.debug_typenames
 *(.debug_typenames)

.debug_varnames
 *(.debug_varnames)

.debug_pubtypes
 *(.debug_pubtypes)

.debug_ranges   0x00000000      0x3e0
 *(.debug_ranges)
 .debug_ranges  0x00000000       0x40 ArmActionManager.o
 .debug_ranges  0x00000040       0x30 AvrTimer.o
 .debug_ranges  0x00000070      0x108 MotorManager.o
 .debug_ranges  0x00000178       0x28 MovingDistance.o
 .debug_ranges  0x000001a0       0x30 SensorManager.o
 .debug_ranges  0x000001d0       0x28 SerialManager.o
 .debug_ranges  0x000001f8       0x88 GccApplication1.o
 .debug_ranges  0x00000280       0x38 TracePatternManager.o
 .debug_ranges  0x000002b8       0xe8 TraceManager.o
 .debug_ranges  0x000003a0       0x40 TurnManager.o

.debug_macro
 *(.debug_macro)
OUTPUT(GccApplication1.elf elf32-avr)
LOAD linker stubs
